// Jest Snapshot v1, https://goo.gl/fbAQLP

exports[`<Filters /> should render with no error 1`] = `
<div
  class="sc-bdnylx bcOrZQ"
>
  <div
    class="sc-gtssRu jQOmBW"
  >
    <h2>
      Filtre por
    </h2>
    <h3>
      Categorias
    </h3>
    <ul>
      <li>
        <a
          href="/"
        >
          Roupas
        </a>
      </li>
      <li>
        <a
          href="/"
        >
          Sapatos
        </a>
      </li>
      <li>
        <a
          href="/"
        >
          Acess√≥rios
        </a>
      </li>
    </ul>
    <h3>
      Cores
    </h3>
    <ul
      class="sc-dlnjPT iRkRgz"
    >
      <li>
        <a
          href="/"
        />
      </li>
      <li>
        <a
          href="/"
        />
      </li>
      <li>
        <a
          href="/"
        />
      </li>
    </ul>
    <h3>
      Tipo
    </h3>
    <ul>
      <li>
        <a
          href="/"
        >
          Corrida
        </a>
      </li>
      <li>
        <a
          href="/"
        >
          Caminhada
        </a>
      </li>
      <li>
        <a
          href="/"
        >
          Casual
        </a>
      </li>
      <li>
        <a
          href="/"
        >
          Social
        </a>
      </li>
    </ul>
  </div>
</div>
`;
