// Jest Snapshot v1, https://goo.gl/fbAQLP

exports[`<Menu /> should render with no error 1`] = `
<nav
  class="sc-bdnylx ebzUpE"
>
  <ul>
    <li>
      <a
        href="/"
      >
        PÃ¡gina inicial
      </a>
    </li>
    <li>
      <a
        href="/"
      >
        Contato
      </a>
    </li>
  </ul>
</nav>
`;
