// Jest Snapshot v1, https://goo.gl/fbAQLP

exports[`<Products /> should render with no error 1`] = `
<div
  class="sc-kEqYlL hQzvMe"
>
  <header>
    <h2 />
    <div />
  </header>
  <div
    class="sc-iqAbSa fDElvS"
  >
    <div
      class="sc-dIsAE cMOMtg"
    >
      <button
        type="button"
      >
        <svg
          color="#5dbcd2"
          fill="currentColor"
          height="20"
          size="20"
          stroke="currentColor"
          stroke-width="0"
          style="color: rgb(93, 188, 210);"
          viewBox="0 0 16 16"
          width="20"
          xmlns="http://www.w3.org/2000/svg"
        >
          <path
            d="M1 2a1 1 0 011-1h2a1 1 0 011 1v2a1 1 0 01-1 1H2a1 1 0 01-1-1V2zm5 0a1 1 0 011-1h2a1 1 0 011 1v2a1 1 0 01-1 1H7a1 1 0 01-1-1V2zm5 0a1 1 0 011-1h2a1 1 0 011 1v2a1 1 0 01-1 1h-2a1 1 0 01-1-1V2zM1 7a1 1 0 011-1h2a1 1 0 011 1v2a1 1 0 01-1 1H2a1 1 0 01-1-1V7zm5 0a1 1 0 011-1h2a1 1 0 011 1v2a1 1 0 01-1 1H7a1 1 0 01-1-1V7zm5 0a1 1 0 011-1h2a1 1 0 011 1v2a1 1 0 01-1 1h-2a1 1 0 01-1-1V7zM1 12a1 1 0 011-1h2a1 1 0 011 1v2a1 1 0 01-1 1H2a1 1 0 01-1-1v-2zm5 0a1 1 0 011-1h2a1 1 0 011 1v2a1 1 0 01-1 1H7a1 1 0 01-1-1v-2zm5 0a1 1 0 011-1h2a1 1 0 011 1v2a1 1 0 01-1 1h-2a1 1 0 01-1-1v-2z"
          />
        </svg>
      </button>
      <button
        type="button"
      >
        <svg
          color="#888"
          fill="currentColor"
          height="23.5"
          size="23.5"
          stroke="currentColor"
          stroke-width="0"
          style="color: rgb(136, 136, 136);"
          viewBox="0 0 24 24"
          width="23.5"
          xmlns="http://www.w3.org/2000/svg"
        >
          <g>
            <path
              d="M0 0h24v24H0z"
              fill="none"
            />
            <path
              d="M22 12.999V20a1 1 0 0 1-1 1h-8v-8.001h9zm-11 0V21H3a1 1 0 0 1-1-1v-7.001h9zM11 3v7.999H2V4a1 1 0 0 1 1-1h8zm10 0a1 1 0 0 1 1 1v6.999h-9V3h8z"
            />
          </g>
        </svg>
      </button>
    </div>
    <div
      class="sc-crzoUp kBxbcP"
    >
      <span>
        Ordenar por
      </span>
      <div
        class="sc-jSFkmK dTgRnu"
      >
        <section
          class="sc-gKAblj iMPPEJ"
        >
          <div
            class=" css-2b097c-container"
          >
            <div
              class=" css-yk16xz-control"
            >
              <div
                class=" css-g1d714-ValueContainer"
              >
                <div
                  class=" css-1uccc91-singleValue"
                >
                  Menor preço
                </div>
                <input
                  aria-autocomplete="list"
                  class="css-62g3xt-dummyInput"
                  id="react-select-2-input"
                  readonly=""
                  tabindex="0"
                  value=""
                />
              </div>
              <div
                class=" css-1hb7zxy-IndicatorsContainer"
              >
                <span
                  class=" css-1okebmr-indicatorSeparator"
                />
                <div
                  aria-hidden="true"
                  class=" css-tlfecz-indicatorContainer"
                >
                  <svg
                    aria-hidden="true"
                    class="css-6q0nyr-Svg"
                    focusable="false"
                    height="20"
                    viewBox="0 0 20 20"
                    width="20"
                  >
                    <path
                      d="M4.516 7.548c0.436-0.446 1.043-0.481 1.576 0l3.908 3.747 3.908-3.747c0.533-0.481 1.141-0.446 1.574 0 0.436 0.445 0.408 1.197 0 1.615-0.406 0.418-4.695 4.502-4.695 4.502-0.217 0.223-0.502 0.335-0.787 0.335s-0.57-0.112-0.789-0.335c0 0-4.287-4.084-4.695-4.502s-0.436-1.17 0-1.615z"
                    />
                  </svg>
                </div>
              </div>
            </div>
            <input
              name="orderBy"
              type="hidden"
              value="CRESC"
            />
          </div>
        </section>
      </div>
    </div>
  </div>
  <ul
    class="sc-bqGHjH ewVcGG"
  >
    <div
      class="sc-ksluoS edsndP"
    >
      <svg
        color="#c61a28"
        fill="none"
        height="50"
        size="50"
        stroke="currentColor"
        stroke-linecap="round"
        stroke-linejoin="round"
        stroke-width="2"
        style="color: rgb(198, 26, 40);"
        viewBox="0 0 24 24"
        width="50"
        xmlns="http://www.w3.org/2000/svg"
      >
        <circle
          cx="11"
          cy="11"
          r="8"
        />
        <line
          x1="21"
          x2="16.65"
          y1="21"
          y2="16.65"
        />
      </svg>
      <p>
        Oops! Não encontramos nenhum produto.
      </p>
    </div>
  </ul>
  <section
    class="sc-iCoHVE hINJpc"
  >
    
  </section>
</div>
`;
