// Jest Snapshot v1, https://goo.gl/fbAQLP

exports[`Cart Page should render with no error 1`] = `
<div
  class="sc-fujyUd ksfBge"
>
  <ul>
    <div
      class="sc-bdnylx jHJelA"
    >
      <header>
        <h2>
          Carrinho
        </h2>
      </header>
      <ul
        class="sc-gtssRu eWCgwA"
      />
      <div
        class="sc-dlnjPT lcvNAZ"
      >
        <svg
          color="#c61a28"
          fill="none"
          height="50"
          size="50"
          stroke="currentColor"
          stroke-linecap="round"
          stroke-linejoin="round"
          stroke-width="2"
          style="color: rgb(198, 26, 40);"
          viewBox="0 0 24 24"
          width="50"
          xmlns="http://www.w3.org/2000/svg"
        >
          <circle
            cx="9"
            cy="21"
            r="1"
          />
          <circle
            cx="20"
            cy="21"
            r="1"
          />
          <path
            d="M1 1h4l2.68 13.39a2 2 0 0 0 2 1.61h9.72a2 2 0 0 0 2-1.61L23 6H6"
          />
        </svg>
        <p>
          O carrinho est√° vazio.
        </p>
      </div>
    </div>
  </ul>
</div>
`;
