// Jest Snapshot v1, https://goo.gl/fbAQLP

exports[`Product Page should render with no error 1`] = `<div />`;
